NTv3 max ridge done, starting chain
[Sun Apr 19 16:30:12 CEST 2026] Starting P5: NTv3 cls ridge...
/tmp/run_decomp_p5p6.sh: line 17: 3217875 Terminated              $PY src/scripts/train_decomposition.py --model InstaDeepAI/NTv3_650M_pre --pooling cls --mapper ridge --k-values 4 5 6 --n-workers 1 --fm-batch-size 16 --data-root $DROOT > $LOG/decomp_NTv3_cls_ridge.log 2>&1
[Mon Apr 20 08:43:20 CEST 2026] Done NTv3 cls ridge
[Mon Apr 20 08:43:20 CEST 2026] Starting P6: NTv3 mean MLP...
/tmp/run_decomp_p5p6.sh: line 30: 244282 Terminated              $PY src/scripts/train_decomposition.py --model InstaDeepAI/NTv3_650M_pre --pooling mean --mapper mlp --k-values 4 5 6 --n-workers 1 --fm-batch-size 16 --mlp-epochs 20 --data-root $DROOT > $LOG/decomp_NTv3_mean_mlp.log 2>&1
[Mon Apr 20 08:46:23 CEST 2026] Done NTv3 mean MLP
[Mon Apr 20 08:46:23 CEST 2026] Starting P5+P6: HyenaDNA mean ridge...
/tmp/run_decomp_p5p6.sh: line 42: 249784 Killed                  $PY src/scripts/train_decomposition.py --model LongSafari/hyenadna-medium-160k-seqlen-hf --pooling mean --mapper ridge --k-values 4 5 6 --n-workers 1 --fm-batch-size 4 --data-root $DROOT > $LOG/decomp_hyena_mean_ridge.log 2>&1
[Mon Apr 20 08:48:21 CEST 2026] Done HyenaDNA mean ridge
[Mon Apr 20 08:48:21 CEST 2026] Starting P5+P6: HyenaDNA max ridge...
[Tue Apr 21 01:49:51 CEST 2026] Done HyenaDNA max ridge
[Tue Apr 21 01:49:51 CEST 2026] Starting P6: HyenaDNA mean MLP...
[Tue Apr 21 01:49:51 CEST 2026] Done HyenaDNA mean MLP
[Tue Apr 21 01:49:51 CEST 2026] Starting P5+P6: DNABERT-2 mean ridge...
[Tue Apr 21 01:49:51 CEST 2026] Done DNABERT-2 mean ridge
[Tue Apr 21 01:49:51 CEST 2026] Starting P5: DNABERT-2 max ridge...
[Tue Apr 21 01:49:51 CEST 2026] Done DNABERT-2 max ridge
[Tue Apr 21 01:49:51 CEST 2026] Starting P5: DNABERT-2 cls ridge...
[Tue Apr 21 01:49:51 CEST 2026] Done DNABERT-2 cls ridge
[Tue Apr 21 01:49:51 CEST 2026] Starting P6: DNABERT-2 mean MLP...
[Tue Apr 21 01:49:51 CEST 2026] Done DNABERT-2 mean MLP
[Tue Apr 21 01:49:51 CEST 2026] ALL DECOMP RUNS DONE
